Warning: You are sending unauthenticated requests to the HF Hub. Please set a HF_TOKEN to enable higher rate limits and faster downloads.
Loading weights:   0%|          | 0/148 [00:00<?, ?it/s]Loading weights: 100%|██████████| 148/148 [00:00<00:00, 9036.42it/s]
[pythia-160m] velocity r= 1: v=-0.34 sites/sweep (mean_dmg=0.00)
[pythia-160m] velocity r= 2: v=5.8 sites/sweep (mean_dmg=0.84)
[pythia-160m] velocity r= 4: v=7.7 sites/sweep (mean_dmg=0.98)
[pythia-160m] velocity r= 8: v=11.5 sites/sweep (mean_dmg=0.98)
[pythia-160m] velocity r=16: v=11.5 sites/sweep (mean_dmg=0.98)
[pythia-160m] D r= 1 T=0.5: D=0.000 D0=0.474 Dnorm=0.001 distinct=0.24
[pythia-160m] D r= 1 T=0.8: D=0.001 D0=0.972 Dnorm=0.001 distinct=0.74
[pythia-160m] D r= 1 T=1.1: D=0.002 D0=0.994 Dnorm=0.002 distinct=0.93
[pythia-160m] D r= 2 T=0.5: D=0.150 D0=0.742 Dnorm=0.202 distinct=0.45
[pythia-160m] D r= 2 T=0.8: D=0.755 D0=0.978 Dnorm=0.771 distinct=0.79
[pythia-160m] D r= 2 T=1.1: D=0.946 D0=0.997 Dnorm=0.949 distinct=0.93
[pythia-160m] D r= 4 T=0.5: D=0.961 D0=0.966 Dnorm=0.995 distinct=0.67
[pythia-160m] D r= 4 T=0.8: D=0.953 D0=0.985 Dnorm=0.968 distinct=0.81
[pythia-160m] D r= 4 T=1.1: D=0.984 D0=0.996 Dnorm=0.988 distinct=0.93
[pythia-160m] D r= 8 T=0.5: D=0.963 D0=0.960 Dnorm=1.003 distinct=0.55
[pythia-160m] D r= 8 T=0.8: D=0.975 D0=0.983 Dnorm=0.992 distinct=0.76
[pythia-160m] D r= 8 T=1.1: D=0.985 D0=0.997 Dnorm=0.988 distinct=0.93
[pythia-160m] D r=16 T=0.5: D=0.799 D0=0.825 Dnorm=0.970 distinct=0.19
[pythia-160m] D r=16 T=0.8: D=0.968 D0=0.976 Dnorm=0.991 distinct=0.63
[pythia-160m] D r=16 T=1.1: D=0.987 D0=0.997 Dnorm=0.990 distinct=0.92
[pythia-160m] order(bigram overlap, T=0.7 r=4)=0.101
[pythia-160m] example: '" >}32_t\n\nH$\\_ ".\n\n" last time2.\n\nt))\n{a}~2~01_{2}}}_\\f(n f)=f-else    return h\n    '
Traceback (most recent call last):
  File "/Users/nicoveraz/Documents/GitHub/textca/experiments/ar_probe.py", line 120, in <module>
    main(a.model, a.B, a.N, a.sweeps)
  File "/Users/nicoveraz/Documents/GitHub/textca/experiments/ar_probe.py", line 110, in main
    print(f"[{tag}] AR PROBE DONE ({time.time()-t0:.0f}s)  velocity={vel}  r*={res['r_star_max_D']}", flush=True)
                                                                               ~~~^^^^^^^^^^^^^^^^
KeyError: 'r_star_max_D'
