step     1  loss=7.641  [     6s]  r1:acc=0.000/ce=7.67 r2:acc=0.000/ce=7.64 r4:acc=0.000/ce=7.66 r8:acc=0.000/ce=7.59 r16:acc=0.000/ce=7.67
step   250  loss=4.911  [    22s]  r1:acc=0.146/ce=5.05 r2:acc=0.162/ce=5.14 r4:acc=0.156/ce=4.95 r8:acc=0.195/ce=4.92 r16:acc=0.186/ce=4.97
step   500  loss=5.267  [    31s]  r1:acc=0.279/ce=4.61 r2:acc=0.311/ce=4.28 r4:acc=0.281/ce=4.24 r8:acc=0.285/ce=4.37 r16:acc=0.297/ce=4.47
step   750  loss=3.984  [    40s]  r1:acc=0.250/ce=4.46 r2:acc=0.244/ce=4.45 r4:acc=0.254/ce=4.42 r8:acc=0.297/ce=4.26 r16:acc=0.273/ce=4.35
step  1000  loss=4.526  [    49s]  r1:acc=0.279/ce=4.10 r2:acc=0.283/ce=4.26 r4:acc=0.289/ce=4.25 r8:acc=0.330/ce=4.12 r16:acc=0.303/ce=4.27
step  1250  loss=4.152  [    58s]  r1:acc=0.266/ce=3.99 r2:acc=0.285/ce=3.87 r4:acc=0.291/ce=4.03 r8:acc=0.375/ce=3.71 r16:acc=0.320/ce=4.03
step  1500  loss=3.730  [    67s]  r1:acc=0.303/ce=3.99 r2:acc=0.311/ce=4.03 r4:acc=0.307/ce=4.14 r8:acc=0.309/ce=3.95 r16:acc=0.326/ce=3.92
step  1750  loss=3.615  [    75s]  r1:acc=0.311/ce=4.02 r2:acc=0.324/ce=4.05 r4:acc=0.369/ce=3.61 r8:acc=0.320/ce=3.81 r16:acc=0.387/ce=3.80
step  2000  loss=3.599  [    85s]  r1:acc=0.250/ce=3.99 r2:acc=0.312/ce=3.98 r4:acc=0.297/ce=3.89 r8:acc=0.295/ce=3.78 r16:acc=0.334/ce=3.80
step  2250  loss=3.868  [    93s]  r1:acc=0.277/ce=4.00 r2:acc=0.357/ce=3.53 r4:acc=0.301/ce=4.05 r8:acc=0.365/ce=3.51 r16:acc=0.338/ce=3.76
step  2500  loss=3.413  [   102s]  r1:acc=0.287/ce=4.11 r2:acc=0.332/ce=3.82 r4:acc=0.324/ce=3.77 r8:acc=0.309/ce=3.81 r16:acc=0.363/ce=3.60
step  2750  loss=3.298  [   111s]  r1:acc=0.279/ce=3.98 r2:acc=0.338/ce=3.78 r4:acc=0.361/ce=3.83 r8:acc=0.357/ce=3.82 r16:acc=0.336/ce=3.82
step  3000  loss=3.492  [   120s]  r1:acc=0.279/ce=4.03 r2:acc=0.324/ce=3.79 r4:acc=0.369/ce=3.72 r8:acc=0.344/ce=3.63 r16:acc=0.389/ce=3.55
step  3250  loss=3.444  [   130s]  r1:acc=0.293/ce=3.89 r2:acc=0.400/ce=3.50 r4:acc=0.357/ce=3.68 r8:acc=0.379/ce=3.50 r16:acc=0.383/ce=3.62
step  3500  loss=3.706  [   139s]  r1:acc=0.330/ce=3.73 r2:acc=0.395/ce=3.53 r4:acc=0.367/ce=3.68 r8:acc=0.354/ce=3.89 r16:acc=0.354/ce=3.73
step  3750  loss=3.578  [   148s]  r1:acc=0.295/ce=3.83 r2:acc=0.348/ce=3.70 r4:acc=0.342/ce=3.63 r8:acc=0.316/ce=3.90 r16:acc=0.361/ce=3.72
step  4000  loss=3.795  [   157s]  r1:acc=0.348/ce=3.63 r2:acc=0.354/ce=3.52 r4:acc=0.381/ce=3.61 r8:acc=0.387/ce=3.45 r16:acc=0.398/ce=3.35
step  4250  loss=3.429  [   166s]  r1:acc=0.305/ce=3.96 r2:acc=0.326/ce=3.75 r4:acc=0.314/ce=3.71 r8:acc=0.365/ce=3.47 r16:acc=0.373/ce=3.78
step  4500  loss=3.541  [   177s]  r1:acc=0.326/ce=3.74 r2:acc=0.309/ce=3.81 r4:acc=0.330/ce=3.79 r8:acc=0.361/ce=3.58 r16:acc=0.371/ce=3.59
step  4750  loss=3.603  [   186s]  r1:acc=0.324/ce=3.89 r2:acc=0.352/ce=3.53 r4:acc=0.361/ce=3.56 r8:acc=0.363/ce=3.58 r16:acc=0.396/ce=3.67
step  5000  loss=3.391  [   195s]  r1:acc=0.285/ce=3.79 r2:acc=0.332/ce=3.60 r4:acc=0.361/ce=3.78 r8:acc=0.373/ce=3.48 r16:acc=0.377/ce=3.62
step  5250  loss=3.967  [   204s]  r1:acc=0.326/ce=3.81 r2:acc=0.314/ce=3.73 r4:acc=0.359/ce=3.68 r8:acc=0.396/ce=3.51 r16:acc=0.381/ce=3.51
step  5500  loss=3.673  [   213s]  r1:acc=0.285/ce=3.74 r2:acc=0.359/ce=3.67 r4:acc=0.326/ce=3.69 r8:acc=0.338/ce=3.86 r16:acc=0.350/ce=3.73
step  5750  loss=3.091  [   222s]  r1:acc=0.303/ce=3.78 r2:acc=0.326/ce=3.75 r4:acc=0.367/ce=3.44 r8:acc=0.355/ce=3.48 r16:acc=0.359/ce=3.75
step  6000  loss=3.785  [   231s]  r1:acc=0.312/ce=3.94 r2:acc=0.363/ce=3.63 r4:acc=0.348/ce=3.63 r8:acc=0.371/ce=3.64 r16:acc=0.346/ce=3.77
done
