Warning: You are sending unauthenticated requests to the HF Hub. Please set a HF_TOKEN to enable higher rate limits and faster downloads.
Loading weights:   0%|          | 0/44 [00:00<?, ?it/s]Loading weights: 100%|██████████| 44/44 [00:00<00:00, 23025.50it/s]
[transformers] [1mBertForMaskedLM LOAD REPORT[0m from: prajjwal1/bert-tiny
Key                         | Status     |  | 
----------------------------+------------+--+-
bert.pooler.dense.bias      | UNEXPECTED |  | 
cls.seq_relationship.bias   | UNEXPECTED |  | 
cls.seq_relationship.weight | UNEXPECTED |  | 
bert.pooler.dense.weight    | UNEXPECTED |  | 

Notes:
- UNEXPECTED:	can be ignored when loading from different task/architecture; not ok if you expect identical arch.
Loading weights:   0%|          | 0/202 [00:00<?, ?it/s]Loading weights: 100%|██████████| 202/202 [00:00<00:00, 6945.86it/s]
[transformers] [1mBertForMaskedLM LOAD REPORT[0m from: bert-base-uncased
Key                         | Status     |  | 
----------------------------+------------+--+-
cls.seq_relationship.bias   | UNEXPECTED |  | 
bert.pooler.dense.bias      | UNEXPECTED |  | 
bert.pooler.dense.weight    | UNEXPECTED |  | 
cls.seq_relationship.weight | UNEXPECTED |  | 

Notes:
- UNEXPECTED:	can be ignored when loading from different task/architecture; not ok if you expect identical arch.
[model] tiny vs base T=0.8: traj_d=0.9861 delta_order=0.1039 (otiny=0.3681 obase=0.4719)
[model] tiny vs base T=1.3: traj_d=0.9948 delta_order=0.0281 (otiny=0.0819 obase=0.11)
DIFFERENTIAL DONE (54s)
