Warning: You are sending unauthenticated requests to the HF Hub. Please set a HF_TOKEN to enable higher rate limits and faster downloads.
Loading weights:   0%|          | 0/76 [00:00<?, ?it/s]Loading weights: 100%|██████████| 76/76 [00:00<00:00, 23356.32it/s]
[transformers] [1mBertForMaskedLM LOAD REPORT[0m from: prajjwal1/bert-mini
Key                         | Status     |  | 
----------------------------+------------+--+-
bert.pooler.dense.bias      | UNEXPECTED |  | 
cls.seq_relationship.weight | UNEXPECTED |  | 
bert.pooler.dense.weight    | UNEXPECTED |  | 
cls.seq_relationship.bias   | UNEXPECTED |  | 

Notes:
- UNEXPECTED:	can be ignored when loading from different task/architecture; not ok if you expect identical arch.
Loading weights:   0%|          | 0/202 [00:00<?, ?it/s]Loading weights: 100%|██████████| 202/202 [00:00<00:00, 5844.91it/s]
[transformers] [1mBertForMaskedLM LOAD REPORT[0m from: bert-base-uncased
Key                         | Status     |  | 
----------------------------+------------+--+-
bert.pooler.dense.bias      | UNEXPECTED |  | 
cls.seq_relationship.weight | UNEXPECTED |  | 
bert.pooler.dense.weight    | UNEXPECTED |  | 
cls.seq_relationship.bias   | UNEXPECTED |  | 

Notes:
- UNEXPECTED:	can be ignored when loading from different task/architecture; not ok if you expect identical arch.
[model] mini vs base T=0.8: traj_d=0.9878 delta_order=0.0304 (omini=0.5023 obase=0.4719)
[model] mini vs base T=1.3: traj_d=0.9931 delta_order=0.015 (omini=0.0949 obase=0.11)
DIFFERENTIAL DONE (69s)
