Warning: You are sending unauthenticated requests to the HF Hub. Please set a HF_TOKEN to enable higher rate limits and faster downloads.
Loading weights:   0%|          | 0/202 [00:00<?, ?it/s]Loading weights: 100%|██████████| 202/202 [00:00<00:00, 5415.71it/s]
[transformers] [1mBertForMaskedLM LOAD REPORT[0m from: bert-base-uncased
Key                         | Status     |  | 
----------------------------+------------+--+-
bert.pooler.dense.weight    | UNEXPECTED |  | 
cls.seq_relationship.bias   | UNEXPECTED |  | 
cls.seq_relationship.weight | UNEXPECTED |  | 
bert.pooler.dense.bias      | UNEXPECTED |  | 

Notes:
- UNEXPECTED:	can be ignored when loading from different task/architecture; not ok if you expect identical arch.
[base] r= 1 T=0.5: order=0.418 k2=0.418 k3=0.104 k4=0.049 act=0.575 (19.3s)
[base] r= 1 T=0.8: order=0.318 k2=0.318 k3=0.122 k4=0.089 act=0.700 (18.6s)
[base] r= 1 T=1.0: order=0.253 k2=0.253 k3=0.035 k4=0.009 act=0.878 (18.6s)
[base] r= 1 T=1.3: order=0.087 k2=0.087 k3=0.005 k4=0.000 act=0.972 (18.6s)
[base] r= 1 T=1.6: order=0.036 k2=0.036 k3=0.002 k4=0.000 act=0.995 (18.5s)
[base] r= 1 T=2.0: order=0.019 k2=0.019 k3=0.000 k4=0.000 act=1.000 (19.3s)
[base] r= 1 T=2.5: order=0.009 k2=0.009 k3=0.000 k4=0.000 act=1.000 (18.8s)
[base] r= 2 T=0.5: order=0.587 k2=0.587 k3=0.247 k4=0.059 act=0.364 (22.0s)
[base] r= 2 T=0.8: order=0.460 k2=0.460 k3=0.116 k4=0.010 act=0.551 (21.7s)
[base] r= 2 T=1.0: order=0.323 k2=0.323 k3=0.052 k4=0.005 act=0.770 (21.7s)
[base] r= 2 T=1.3: order=0.113 k2=0.113 k3=0.007 k4=0.000 act=0.948 (21.8s)
[base] r= 2 T=1.6: order=0.036 k2=0.036 k3=0.002 k4=0.000 act=0.993 (23.3s)
[base] r= 2 T=2.0: order=0.014 k2=0.014 k3=0.000 k4=0.000 act=1.000 (22.0s)
[base] r= 2 T=2.5: order=0.005 k2=0.005 k3=0.000 k4=0.000 act=1.000 (23.6s)
[base] r= 4 T=0.5: order=0.490 k2=0.490 k3=0.135 k4=0.023 act=0.260 (23.4s)
[base] r= 4 T=0.8: order=0.444 k2=0.444 k3=0.101 k4=0.016 act=0.449 (23.5s)
[base] r= 4 T=1.0: order=0.410 k2=0.410 k3=0.082 k4=0.012 act=0.632 (23.9s)
[base] r= 4 T=1.3: order=0.165 k2=0.165 k3=0.010 k4=0.000 act=0.927 (23.9s)
[base] r= 4 T=1.6: order=0.033 k2=0.033 k3=0.000 k4=0.000 act=0.993 (24.5s)
[base] r= 4 T=2.0: order=0.017 k2=0.017 k3=0.000 k4=0.000 act=0.999 (24.0s)
[base] r= 4 T=2.5: order=0.002 k2=0.002 k3=0.000 k4=0.000 act=1.000 (23.7s)
[base] r= 8 T=0.5: order=0.524 k2=0.524 k3=0.168 k4=0.078 act=0.193 (31.0s)
[base] r= 8 T=0.8: order=0.483 k2=0.483 k3=0.125 k4=0.024 act=0.358 (32.3s)
[base] r= 8 T=1.0: order=0.406 k2=0.406 k3=0.068 k4=0.010 act=0.588 (32.2s)
[base] r= 8 T=1.3: order=0.106 k2=0.106 k3=0.009 k4=0.002 act=0.942 (31.1s)
[base] r= 8 T=1.6: order=0.019 k2=0.019 k3=0.000 k4=0.000 act=0.992 (30.0s)
[base] r= 8 T=2.0: order=0.009 k2=0.009 k3=0.000 k4=0.000 act=0.999 (29.9s)
[base] r= 8 T=2.5: order=0.002 k2=0.002 k3=0.000 k4=0.000 act=1.000 (30.1s)
[base] r=16 T=0.5: order=0.406 k2=0.406 k3=0.083 k4=0.014 act=0.130 (44.0s)
[base] r=16 T=0.8: order=0.418 k2=0.418 k3=0.111 k4=0.028 act=0.293 (44.8s)
[base] r=16 T=1.0: order=0.361 k2=0.361 k3=0.064 k4=0.010 act=0.552 (44.7s)
[base] r=16 T=1.3: order=0.057 k2=0.057 k3=0.000 k4=0.000 act=0.952 (44.6s)
[base] r=16 T=1.6: order=0.010 k2=0.010 k3=0.000 k4=0.000 act=0.998 (44.9s)
[base] r=16 T=2.0: order=0.007 k2=0.007 k3=0.000 k4=0.000 act=1.000 (44.6s)
[base] r=16 T=2.5: order=0.000 k2=0.000 k3=0.000 k4=0.000 act=1.000 (44.7s)
[base] SWEEP DONE (984s)
