Warning: You are sending unauthenticated requests to the HF Hub. Please set a HF_TOKEN to enable higher rate limits and faster downloads.
Loading weights:   0%|          | 0/202 [00:00<?, ?it/s]Loading weights: 100%|██████████| 202/202 [00:00<00:00, 7128.67it/s]
[transformers] [1mBertForMaskedLM LOAD REPORT[0m from: bert-base-uncased
Key                         | Status     |  | 
----------------------------+------------+--+-
bert.pooler.dense.weight    | UNEXPECTED |  | 
cls.seq_relationship.bias   | UNEXPECTED |  | 
bert.pooler.dense.bias      | UNEXPECTED |  | 
cls.seq_relationship.weight | UNEXPECTED |  | 

Notes:
- UNEXPECTED:	can be ignored when loading from different task/architecture; not ok if you expect identical arch.
[base] cone T=1.0 r= 1: v=1.65 sites/sweep mean_dmg=0.969 P_ign=1.000 (85s)
[base] cone T=1.0 r= 2: v=3.46 sites/sweep mean_dmg=0.978 P_ign=1.000 (97s)
[base] cone T=1.0 r= 4: v=7.90 sites/sweep mean_dmg=0.974 P_ign=1.000 (111s)
[base] cone T=1.0 r= 8: v=11.50 sites/sweep mean_dmg=0.952 P_ign=1.000 (158s)
[base] cone T=1.0 r=16: v=11.50 sites/sweep mean_dmg=0.964 P_ign=1.000 (247s)
[base] heal r=4 T=0.5: mean_dmg=0.582 P_ign=1.000 spread=0.582 (115s)
[base] heal r=4 T=0.8: mean_dmg=0.872 P_ign=1.000 spread=0.872 (114s)
[base] heal r=4 T=1.0: mean_dmg=0.974 P_ign=1.000 spread=0.974 (117s)
[base] heal r=4 T=1.3: mean_dmg=0.992 P_ign=1.000 spread=0.992 (120s)
[base] heal r=4 T=1.6: mean_dmg=0.994 P_ign=1.000 spread=0.994 (117s)
[base] heal r=4 T=2.0: mean_dmg=0.998 P_ign=1.000 spread=0.998 (117s)
[base] DAMAGE DONE (1399s)
