Warning: You are sending unauthenticated requests to the HF Hub. Please set a HF_TOKEN to enable higher rate limits and faster downloads.
Loading weights:   0%|          | 0/76 [00:00<?, ?it/s]Loading weights: 100%|██████████| 76/76 [00:00<00:00, 28756.62it/s]
[transformers] [1mBertForMaskedLM LOAD REPORT[0m from: prajjwal1/bert-mini
Key                         | Status     |  | 
----------------------------+------------+--+-
bert.pooler.dense.weight    | UNEXPECTED |  | 
bert.pooler.dense.bias      | UNEXPECTED |  | 
cls.seq_relationship.weight | UNEXPECTED |  | 
cls.seq_relationship.bias   | UNEXPECTED |  | 

Notes:
- UNEXPECTED:	can be ignored when loading from different task/architecture; not ok if you expect identical arch.
[mini] census T=0.7: overlap50=0.040 rho=0.063 shared=897 baseline=0.000 (39.2s)
       'source : source'
       ': source :'
       '/ / /'
       '...'
       '( 1 )'
       '/ 05 /'
[mini] census T=1.0: overlap50=0.020 rho=0.179 shared=744 baseline=0.000 (37.2s)
       'source : source'
       ': source :'
       '( 2 )'
       '( 1 )'
       '( uncredited )'
       '( 2004 )'
[mini] CENSUS DONE (76s)
