Warning: You are sending unauthenticated requests to the HF Hub. Please set a HF_TOKEN to enable higher rate limits and faster downloads.
Loading weights:   0%|          | 0/76 [00:00<?, ?it/s]Loading weights: 100%|██████████| 76/76 [00:00<00:00, 28614.64it/s]
[transformers] [1mBertForMaskedLM LOAD REPORT[0m from: prajjwal1/bert-mini
Key                         | Status     |  | 
----------------------------+------------+--+-
cls.seq_relationship.bias   | UNEXPECTED |  | 
bert.pooler.dense.weight    | UNEXPECTED |  | 
bert.pooler.dense.bias      | UNEXPECTED |  | 
cls.seq_relationship.weight | UNEXPECTED |  | 

Notes:
- UNEXPECTED:	can be ignored when loading from different task/architecture; not ok if you expect identical arch.
[mini] r= 1 T=0.5: order=0.405 k2=0.405 k3=0.100 k4=0.057 act=0.412 (20.8s)
[mini] r= 1 T=0.8: order=0.223 k2=0.223 k3=0.023 k4=0.001 act=0.716 (19.1s)
[mini] r= 1 T=1.0: order=0.165 k2=0.165 k3=0.013 k4=0.000 act=0.933 (17.3s)
[mini] r= 1 T=1.3: order=0.060 k2=0.060 k3=0.003 k4=0.000 act=0.994 (16.3s)
[mini] r= 1 T=1.6: order=0.029 k2=0.029 k3=0.000 k4=0.000 act=0.997 (16.5s)
[mini] r= 1 T=2.0: order=0.018 k2=0.018 k3=0.000 k4=0.000 act=0.999 (17.6s)
[mini] r= 1 T=2.5: order=0.007 k2=0.007 k3=0.000 k4=0.000 act=1.000 (17.8s)
[mini] r= 2 T=0.5: order=0.592 k2=0.592 k3=0.214 k4=0.055 act=0.263 (17.5s)
[mini] r= 2 T=0.8: order=0.478 k2=0.478 k3=0.107 k4=0.012 act=0.555 (18.9s)
[mini] r= 2 T=1.0: order=0.283 k2=0.283 k3=0.043 k4=0.001 act=0.745 (17.4s)
[mini] r= 2 T=1.3: order=0.095 k2=0.095 k3=0.009 k4=0.000 act=0.979 (17.9s)
[mini] r= 2 T=1.6: order=0.025 k2=0.025 k3=0.000 k4=0.000 act=0.997 (18.3s)
[mini] r= 2 T=2.0: order=0.022 k2=0.022 k3=0.001 k4=0.000 act=1.000 (17.6s)
[mini] r= 2 T=2.5: order=0.009 k2=0.009 k3=0.000 k4=0.000 act=1.000 (17.2s)
[mini] r= 4 T=0.5: order=0.646 k2=0.646 k3=0.194 k4=0.090 act=0.154 (20.4s)
[mini] r= 4 T=0.8: order=0.477 k2=0.477 k3=0.159 k4=0.057 act=0.474 (20.0s)
[mini] r= 4 T=1.0: order=0.387 k2=0.387 k3=0.082 k4=0.014 act=0.750 (19.4s)
[mini] r= 4 T=1.3: order=0.105 k2=0.105 k3=0.012 k4=0.003 act=0.951 (18.6s)
[mini] r= 4 T=1.6: order=0.029 k2=0.029 k3=0.000 k4=0.000 act=0.997 (19.0s)
[mini] r= 4 T=2.0: order=0.016 k2=0.016 k3=0.000 k4=0.000 act=1.000 (20.5s)
[mini] r= 4 T=2.5: order=0.004 k2=0.004 k3=0.000 k4=0.000 act=0.999 (22.7s)
[mini] r= 8 T=0.5: order=0.526 k2=0.526 k3=0.167 k4=0.048 act=0.137 (27.2s)
[mini] r= 8 T=0.8: order=0.432 k2=0.432 k3=0.095 k4=0.022 act=0.287 (28.3s)
[mini] r= 8 T=1.0: order=0.292 k2=0.292 k3=0.072 k4=0.009 act=0.558 (28.9s)
[mini] r= 8 T=1.3: order=0.089 k2=0.089 k3=0.004 k4=0.000 act=0.959 (25.1s)
[mini] r= 8 T=1.6: order=0.013 k2=0.013 k3=0.000 k4=0.000 act=0.999 (23.3s)
[mini] r= 8 T=2.0: order=0.005 k2=0.005 k3=0.000 k4=0.000 act=0.999 (27.3s)
[mini] r= 8 T=2.5: order=0.004 k2=0.004 k3=0.000 k4=0.000 act=1.000 (27.1s)
[mini] r=16 T=0.5: order=0.379 k2=0.379 k3=0.111 k4=0.044 act=0.061 (28.1s)
[mini] r=16 T=0.8: order=0.315 k2=0.315 k3=0.085 k4=0.013 act=0.143 (30.6s)
[mini] r=16 T=1.0: order=0.309 k2=0.309 k3=0.049 k4=0.005 act=0.351 (32.6s)
[mini] r=16 T=1.3: order=0.022 k2=0.022 k3=0.003 k4=0.000 act=0.976 (28.8s)
[mini] r=16 T=1.6: order=0.017 k2=0.017 k3=0.000 k4=0.000 act=0.999 (30.7s)
[mini] r=16 T=2.0: order=0.004 k2=0.004 k3=0.000 k4=0.000 act=1.000 (30.8s)
[mini] r=16 T=2.5: order=0.000 k2=0.000 k3=0.000 k4=0.000 act=1.000 (29.9s)
[mini] SWEEP DONE (790s)
