Warning: You are sending unauthenticated requests to the HF Hub. Please set a HF_TOKEN to enable higher rate limits and faster downloads.
Loading weights:   0%|          | 0/44 [00:00<?, ?it/s]Loading weights: 100%|██████████| 44/44 [00:00<00:00, 16141.82it/s]
[transformers] [1mBertForMaskedLM LOAD REPORT[0m from: prajjwal1/bert-tiny
Key                         | Status     |  | 
----------------------------+------------+--+-
bert.pooler.dense.bias      | UNEXPECTED |  | 
cls.seq_relationship.bias   | UNEXPECTED |  | 
bert.pooler.dense.weight    | UNEXPECTED |  | 
cls.seq_relationship.weight | UNEXPECTED |  | 

Notes:
- UNEXPECTED:	can be ignored when loading from different task/architecture; not ok if you expect identical arch.
[tiny] cone T=1.0 r= 1: v=1.64 sites/sweep mean_dmg=0.938 P_ign=1.000 (45s)
[tiny] cone T=1.0 r= 2: v=3.54 sites/sweep mean_dmg=0.663 P_ign=0.938 (45s)
[tiny] cone T=1.0 r= 4: v=7.70 sites/sweep mean_dmg=0.863 P_ign=0.938 (49s)
[tiny] cone T=1.0 r= 8: v=11.50 sites/sweep mean_dmg=0.729 P_ign=0.875 (49s)
[tiny] cone T=1.0 r=16: v=11.50 sites/sweep mean_dmg=0.710 P_ign=0.875 (61s)
[tiny] heal r=4 T=0.5: mean_dmg=0.389 P_ign=0.781 spread=0.498 (47s)
[tiny] heal r=4 T=0.8: mean_dmg=0.606 P_ign=0.750 spread=0.808 (44s)
[tiny] heal r=4 T=1.0: mean_dmg=0.863 P_ign=0.938 spread=0.920 (47s)
[tiny] heal r=4 T=1.3: mean_dmg=0.992 P_ign=1.000 spread=0.992 (55s)
[tiny] heal r=4 T=1.6: mean_dmg=0.995 P_ign=1.000 spread=0.995 (58s)
[tiny] heal r=4 T=2.0: mean_dmg=0.997 P_ign=1.000 spread=0.997 (45s)
[tiny] DAMAGE DONE (546s)
