Warning: You are sending unauthenticated requests to the HF Hub. Please set a HF_TOKEN to enable higher rate limits and faster downloads.
Loading weights:   0%|          | 0/44 [00:00<?, ?it/s]Loading weights: 100%|██████████| 44/44 [00:00<00:00, 18519.76it/s]
[transformers] [1mBertForMaskedLM LOAD REPORT[0m from: prajjwal1/bert-tiny
Key                         | Status     |  | 
----------------------------+------------+--+-
cls.seq_relationship.bias   | UNEXPECTED |  | 
bert.pooler.dense.bias      | UNEXPECTED |  | 
cls.seq_relationship.weight | UNEXPECTED |  | 
bert.pooler.dense.weight    | UNEXPECTED |  | 

Notes:
- UNEXPECTED:	can be ignored when loading from different task/architecture; not ok if you expect identical arch.
[bert-tiny] T=0.3: D_norm(r=2)=0.508
[bert-tiny] T=0.4: D_norm(r=2)=0.399
[bert-tiny] T=0.5: D_norm(r=2)=0.395
[bert-tiny] T=0.6: D_norm(r=2)=0.514
[bert-tiny] T=0.7: D_norm(r=2)=0.605
[bert-tiny] T_c(r=2)=0.3074  slope=+0.308
Loading weights:   0%|          | 0/76 [00:00<?, ?it/s]Loading weights: 100%|██████████| 76/76 [00:00<00:00, 32815.23it/s]
[transformers] [1mBertForMaskedLM LOAD REPORT[0m from: prajjwal1/bert-mini
Key                         | Status     |  | 
----------------------------+------------+--+-
cls.seq_relationship.bias   | UNEXPECTED |  | 
bert.pooler.dense.bias      | UNEXPECTED |  | 
cls.seq_relationship.weight | UNEXPECTED |  | 
bert.pooler.dense.weight    | UNEXPECTED |  | 

Notes:
- UNEXPECTED:	can be ignored when loading from different task/architecture; not ok if you expect identical arch.
[bert-mini] T=0.3: D_norm(r=2)=0.463
[bert-mini] T=0.4: D_norm(r=2)=0.504
[bert-mini] T=0.5: D_norm(r=2)=0.560
[bert-mini] T=0.6: D_norm(r=2)=0.688
[bert-mini] T=0.7: D_norm(r=2)=0.786
[bert-mini] T_c(r=2)=0.3909  slope=+0.831
Loading weights:   0%|          | 0/202 [00:00<?, ?it/s]Loading weights: 100%|██████████| 202/202 [00:00<00:00, 6897.91it/s]
[transformers] [1mBertForMaskedLM LOAD REPORT[0m from: bert-base-uncased
Key                         | Status     |  | 
----------------------------+------------+--+-
cls.seq_relationship.bias   | UNEXPECTED |  | 
bert.pooler.dense.bias      | UNEXPECTED |  | 
cls.seq_relationship.weight | UNEXPECTED |  | 
bert.pooler.dense.weight    | UNEXPECTED |  | 

Notes:
- UNEXPECTED:	can be ignored when loading from different task/architecture; not ok if you expect identical arch.
[bert-base] T=0.3: D_norm(r=2)=0.723
[bert-base] T=0.4: D_norm(r=2)=0.765
[bert-base] T=0.5: D_norm(r=2)=0.796
[bert-base] T=0.6: D_norm(r=2)=0.891
[bert-base] T=0.7: D_norm(r=2)=0.905
[bert-base] T_c(r=2)=None  slope=+0.490
Loading weights:   0%|          | 0/76 [00:00<?, ?it/s]Loading weights: 100%|██████████| 76/76 [00:00<00:00, 6883.33it/s]
[pythia-70m] T=0.4: D_norm(r=2)=0.075
[pythia-70m] T=0.5: D_norm(r=2)=0.174
[pythia-70m] T=0.6: D_norm(r=2)=0.422
[pythia-70m] T=0.7: D_norm(r=2)=0.730
[pythia-70m] T=0.8: D_norm(r=2)=0.781
[pythia-70m] T_c(r=2)=0.6254  slope=+1.966
Loading weights:   0%|          | 0/148 [00:00<?, ?it/s]Loading weights: 100%|██████████| 148/148 [00:00<00:00, 8175.39it/s]
[pythia-160m] T=0.4: D_norm(r=2)=0.063
[pythia-160m] T=0.5: D_norm(r=2)=0.232
[pythia-160m] T=0.6: D_norm(r=2)=0.413
[pythia-160m] T=0.7: D_norm(r=2)=0.760
[pythia-160m] T=0.8: D_norm(r=2)=0.802
[pythia-160m] T_c(r=2)=0.6251  slope=+2.007
Loading weights:   0%|          | 0/292 [00:00<?, ?it/s]Loading weights: 100%|██████████| 292/292 [00:00<00:00, 8004.87it/s]
[pythia-410m] T=0.4: D_norm(r=2)=0.170
[pythia-410m] T=0.5: D_norm(r=2)=0.480
[pythia-410m] T=0.6: D_norm(r=2)=0.587
[pythia-410m] T=0.7: D_norm(r=2)=0.716
[pythia-410m] T=0.8: D_norm(r=2)=0.856
[pythia-410m] T_c(r=2)=0.519  slope=+1.609
Loading weights:   0%|          | 0/196 [00:00<?, ?it/s]Loading weights: 100%|██████████| 196/196 [00:00<00:00, 6437.82it/s]
[pythia-1b] T=0.5: D_norm(r=2)=0.420
[pythia-1b] T=0.6: D_norm(r=2)=0.460
[pythia-1b] T=0.7: D_norm(r=2)=0.695
[pythia-1b] T_c(r=2)=0.6171  slope=+1.378
[ar] T_c vs log-size: Spearman rho=-0.800 p=0.2000
CROSSOVER DONE
