Warning: You are sending unauthenticated requests to the HF Hub. Please set a HF_TOKEN to enable higher rate limits and faster downloads.
Loading weights:   0%|          | 0/44 [00:00<?, ?it/s]Loading weights: 100%|██████████| 44/44 [00:00<00:00, 18747.40it/s]
[transformers] [1mBertForMaskedLM LOAD REPORT[0m from: prajjwal1/bert-tiny
Key                         | Status     |  | 
----------------------------+------------+--+-
cls.seq_relationship.weight | UNEXPECTED |  | 
bert.pooler.dense.bias      | UNEXPECTED |  | 
bert.pooler.dense.weight    | UNEXPECTED |  | 
cls.seq_relationship.bias   | UNEXPECTED |  | 

Notes:
- UNEXPECTED:	can be ignored when loading from different task/architecture; not ok if you expect identical arch.
[tiny] N= 48 r= 2: D_norm=0.552
[tiny] N= 48 r= 4: D_norm=0.804
[tiny] N= 48 r= 8: D_norm=0.876
[tiny] N= 48 r=16: D_norm=0.716
[tiny] N= 96 r= 2: D_norm=0.345
[tiny] N= 96 r= 4: D_norm=0.507
[tiny] N= 96 r= 8: D_norm=0.651
[tiny] N= 96 r=16: D_norm=0.770
[tiny] N=192 r= 2: D_norm=0.175
[tiny] N=192 r= 4: D_norm=0.258
[tiny] N=192 r= 8: D_norm=0.554
[tiny] N=192 r=16: D_norm=0.615
[tiny] REPAIR-FSS DONE (1954s)
