Warning: You are sending unauthenticated requests to the HF Hub. Please set a HF_TOKEN to enable higher rate limits and faster downloads.
Loading weights:   0%|          | 0/202 [00:00<?, ?it/s]Loading weights: 100%|██████████| 202/202 [00:00<00:00, 7131.55it/s]
[transformers] [1mBertForMaskedLM LOAD REPORT[0m from: bert-base-uncased
Key                         | Status     |  | 
----------------------------+------------+--+-
bert.pooler.dense.weight    | UNEXPECTED |  | 
cls.seq_relationship.bias   | UNEXPECTED |  | 
cls.seq_relationship.weight | UNEXPECTED |  | 
bert.pooler.dense.bias      | UNEXPECTED |  | 

Notes:
- UNEXPECTED:	can be ignored when loading from different task/architecture; not ok if you expect identical arch.
[base] lambda r= 1 T=0.7: +0.1525/sweep
[base] lambda r= 1 T=0.9: +0.1664/sweep
[base] lambda r= 2 T=0.7: +0.3260/sweep
[base] lambda r= 2 T=0.9: +0.4854/sweep
[base] lambda r= 4 T=0.7: +0.3592/sweep
[base] lambda r= 4 T=0.9: +0.5951/sweep
[base] lambda r= 8 T=0.7: +0.6621/sweep
[base] lambda r= 8 T=0.9: +0.7672/sweep
[base] lambda r=16 T=0.7: +0.6408/sweep
[base] lambda r=16 T=0.9: +0.7426/sweep
[base] lambda_max=+0.7672 at r,T=(8, 0.9) (1984s)
