{
 "damage": {
  "T0.3_r1": {
   "final_width_sites": 7,
   "total_damage": 0.016536458333333334
  },
  "T0.3_r4": {
   "final_width_sites": 14,
   "total_damage": 0.030208333333333334
  },
  "T0.3_r16": {
   "final_width_sites": 48,
   "total_damage": 0.34348958333333335
  },
  "T0.7_r1": {
   "final_width_sites": 48,
   "total_damage": 0.33736979166666664
  },
  "T0.7_r4": {
   "final_width_sites": 48,
   "total_damage": 0.5795572916666667
  },
  "T0.7_r16": {
   "final_width_sites": 48,
   "total_damage": 0.837890625
  },
  "T1.5_r1": {
   "final_width_sites": 48,
   "total_damage": 0.891796875
  },
  "T1.5_r4": {
   "final_width_sites": 48,
   "total_damage": 0.9509114583333333
  },
  "T1.5_r16": {
   "final_width_sites": 48,
   "total_damage": 0.9390625
  }
 },
 "period2_fraction": {
  "async_T0.3": 0.05,
  "async_T0.7": 0.0723,
  "async_T1.0": 0.0386,
  "sync_T0.3": 0.8379,
  "sync_T0.7": 0.3189,
  "sync_T1.0": 0.0903
 }
}
FIGS DONE
