410m EARLY grid: 56 runs (7 ckpts x 8 seeds, N=48)
Decides whether the paper's transition is a recovery from a dip.

=== 410m merged curve, ignited runs only ===
      step     lambda       sd   ignited    D_norm
         1    +0.3363   0.1030    8/8       0.9781
         2    +0.3415   0.1005    8/8       0.9858
         4    +0.3429   0.1084    8/8       0.9685
         8    +0.3340   0.1012    8/8       0.9757
        16    -0.0847   0.1842    8/8       0.0129
        32    EXTINCT       --    0/8       0.0000
        64    -0.3388       --    1/8       0.0456
       128    -0.0926   0.0577    6/8       0.1583
       256    -0.0185   0.1243    8/8       0.1328
       512    +0.0679   0.1416    8/8       0.2403
      1000    +0.1923   0.0313    8/8       0.6962
      2000    +0.1558   0.0401    8/8       0.5471
      4000    +0.1724   0.0194    8/8       0.5591
      8000    +0.1699   0.0388    8/8       0.5458
    143000    +0.1792   0.0322    8/8       0.6139

=== steps <= 32 (before any prior grid looked) ===
  mean +0.2540 (sd 0.2078, n=40)
  vs the paper's plateau +0.1683: t=+2.61, p=1.29e-02
  vs the small-model early plateau +0.33: t=-2.31, p=0.026

=== corrected window: steps with D_norm > 0.5 (the random-rule regime) ===
  steps [1, 2, 4, 8]: mean +0.3386 (n=32)
  vs the paper's plateau +0.1683: p=5.08e-11
  vs the small-model plateau +0.33: p=0.622

=== the dip ===
  minimum lambda -0.3388 at step64 (1/8 ignited)
  total-extinction steps: [32]

  -> SAME SHAPE AS THE SMALL MODELS: 410m's lambda before step64 is flat, positive, indistinguishable from the ~+0.33 small-model plateau, and significantly ABOVE the paper's post-transition +0.1683. The paper's 'sub- to super-critical' transition is a RECOVERY FROM A DIP, and the archival framing must say so.

wrote results/dev_transition_410m_early.json
