Loading weights:   0%|          | 0/292 [00:00<?, ?it/s]Loading weights:   0%|          | 1/292 [00:00<02:09,  2.25it/s]Loading weights:  29%|██▉       | 86/292 [00:00<00:00, 206.66it/s]Loading weights:  46%|████▌     | 135/292 [00:00<00:00, 197.63it/s]Loading weights:  58%|█████▊    | 170/292 [00:01<00:00, 185.27it/s]Loading weights:  68%|██████▊   | 198/292 [00:01<00:00, 166.60it/s]Loading weights:  76%|███████▌  | 221/292 [00:01<00:00, 168.24it/s]Loading weights:  83%|████████▎ | 242/292 [00:01<00:00, 167.92it/s]Loading weights:  90%|█████████ | 264/292 [00:01<00:00, 166.98it/s]Loading weights:  97%|█████████▋| 283/292 [00:01<00:00, 171.49it/s]Loading weights: 100%|██████████| 292/292 [00:01<00:00, 164.70it/s]
  colours: 6 single tokens [' red', ' green', ' blue', ' yellow', ' black', ' white']
  binary: 2 single tokens [' 0', ' 1']
  colours|p0|s21         lam=-2.1964 ign=0.00 (52s)
  colours|p0|s22         lam=-0.2855 ign=0.00 (52s)
  colours|p0|s23         lam=-0.1588 ign=0.00 (52s)
  colours|p0|s24         lam=-0.1543 ign=0.00 (51s)
  colours|p1|s21         lam=-2.3365 ign=0.00 (54s)
  colours|p1|s22         lam=-0.3609 ign=0.00 (52s)
  colours|p1|s23         lam=-0.3070 ign=0.00 (53s)
  colours|p1|s24         lam=-0.2708 ign=0.00 (51s)
  colours|p2|s21         lam=-1.8557 ign=0.00 (50s)
  colours|p2|s22         lam=-1.8003 ign=0.00 (50s)
  colours|p2|s23         lam=-0.3109 ign=0.00 (50s)
  colours|p2|s24         lam=-0.2411 ign=0.00 (50s)
  colours|p3|s21         lam=-2.3718 ign=0.00 (50s)
  colours|p3|s22         lam=-0.4608 ign=0.00 (50s)
  colours|p3|s23         lam=-1.1752 ign=0.00 (50s)
  colours|p3|s24         lam=-1.7220 ign=0.00 (50s)
  colours|p4|s21         lam=-0.2208 ign=0.00 (50s)
  colours|p4|s22         lam=-0.4452 ign=0.00 (50s)
  colours|p4|s23         lam=-0.2521 ign=0.00 (50s)
  colours|p4|s24         lam=-0.3007 ign=0.00 (50s)
  colours|p5|s21         lam=-1.7407 ign=0.00 (50s)
  colours|p5|s22         lam=-1.2039 ign=0.00 (50s)
  colours|p5|s23         lam=-1.2247 ign=0.00 (50s)
  colours|p5|s24         lam=-0.2429 ign=0.00 (50s)
  binary|p0|s21          lam=-2.1972 ign=0.00 (50s)
  binary|p0|s22          lam=-2.3487 ign=0.00 (50s)
  binary|p0|s23          lam=-2.2951 ign=0.00 (50s)
  binary|p0|s24          lam=-1.6788 ign=0.00 (50s)
  binary|p1|s21          lam=-1.9139 ign=0.00 (50s)
  binary|p1|s22          lam=-1.7188 ign=0.00 (50s)
  binary|p1|s23          lam=-1.7442 ign=0.00 (50s)
  binary|p1|s24          lam=-1.6792 ign=0.00 (50s)

  alphabet    perms  ordering spread  seed floor   ratio

  -> CONTROL INCOMPLETE -- nothing below is read. BOUNDARY: one checkpoint, one temperature, one radius, and restricting the support is a real intervention that reopens F35's (model, construction) boundary -- the same one F65 validated when banning newline moved the attractor 74% -> 15%.

wrote results/alphabet_order.json
