Warning: You are sending unauthenticated requests to the HF Hub. Please set a HF_TOKEN to enable higher rate limits and faster downloads.
Loading weights:   0%|          | 0/292 [00:00<?, ?it/s]Loading weights: 100%|██████████| 292/292 [00:00<00:00, 7737.35it/s]
Bracket scan for gpt2-medium: 12 runs (6 temps x 2 seeds), 128 replicas per temperature
[1/12] T0.1_s71: P(end)=0.438 sites(end)=18.23 (315.3s)
[2/12] T0.1_s72: P(end)=0.438 sites(end)=18.56 (315.5s)
[3/12] T0.15_s71: P(end)=0.469 sites(end)=21.39 (317.4s)
[4/12] T0.15_s72: P(end)=0.406 sites(end)=17.30 (318.3s)
[5/12] T0.2_s71: P(end)=0.453 sites(end)=21.47 (317.7s)
[6/12] T0.2_s72: P(end)=0.438 sites(end)=19.02 (316.6s)
[7/12] T0.25_s71: P(end)=0.484 sites(end)=21.94 (315.6s)
[8/12] T0.25_s72: P(end)=0.422 sites(end)=15.92 (315.2s)
[9/12] T0.3_s71: P(end)=0.469 sites(end)=22.81 (316.2s)
[10/12] T0.3_s72: P(end)=0.453 sites(end)=21.48 (316.8s)
[11/12] T0.4_s71: P(end)=0.516 sites(end)=23.84 (316.6s)
[12/12] T0.4_s72: P(end)=0.359 sites(end)=16.81 (316.6s)

=== gpt2-medium: where does damage stop dying and start spreading? ===
        T   reps    P(end)  sites(end)  max sites
      0.1    128    0.4375      18.398         71
     0.15    128    0.4375      19.344         76
      0.2    128    0.4453      20.242         91
     0.25    128    0.4531      18.930         71
      0.3    128    0.4609      22.148         87
      0.4    128    0.4375      20.328         81

  bracket (P(end) crossing 0.05-0.2): None

  -> NO BRACKET IN [0.1, 0.15, 0.2, 0.25, 0.3, 0.4]: the transition for gpt2-medium lies ABOVE the scanned range -- every temperature already spreads. Extend the scan in that direction before attempting exponents. Reportable either way: a second family with no comparable transition would itself answer claim E.

wrote results/dp_scan_gpt2.json
