Warning: You are sending unauthenticated requests to the HF Hub. Please set a HF_TOKEN to enable higher rate limits and faster downloads.
held-out slice: 96 x 1024 = 98304 tokens of WikiText-103 validation, device=mps

  (32 duplicate (model, step, seed) rows dropped -- the scale run and Phase 3 overlap at 410m/N=48; values verified identical)

   model    step     loss    lambda  n_ign  unanimous
     70m     128   8.2094   +0.0694      8      False
     70m     256   7.4288   +0.0462      8      False
     70m     512   6.5219   +0.1615      8       True
     70m    1000   4.9787   +0.1565      8       True
     70m    2000   4.4047   +0.1598      8       True
     70m    4000   4.1584   +0.1707      8       True
    160m     128   8.2376   -0.0391      8      False
    160m     256   7.4625   +0.0938      8      False
    160m     512   6.4347   +0.0982      8      False
    160m    1000   4.8644   +0.1735      8       True
    160m    2000   4.1153   +0.1674      8       True
    160m    4000   3.7682   +0.1522      8       True
    410m     128   8.6272   -0.0926      6       True
    410m     256   7.6872   -0.0185      8      False
    410m     512   6.8542   +0.0679      8      False
    410m    1000   4.9703   +0.1923      8       True
    410m    2000   3.9645   +0.1558      8       True
    410m    4000   3.5346   +0.1724      8       True
    410m    8000   3.2857   +0.1699      8       True
    410m  143000   2.8568   +0.1792      8       True
      1b     128   8.0639   -0.0089      7      False
      1b     256   7.3762   -0.1011      6      False
      1b     512   6.1869   +0.1235      7       True
      1b    1000   4.6281   +0.2064      8       True
      1b    2000   3.7957   +0.1474      8       True
      1b    4000   3.3482   +0.1436      8       True

   model      rho        p  loss mono  overshoot      lam cross     loss steep
     70m   -0.771   0.0724       True      False           None    (512, 1000)
    160m   -0.771   0.0724       True       True     (128, 256)    (512, 1000)
    410m   -0.738   0.0365       True       True     (256, 512)    (512, 1000)
      1b   -0.714   0.1108       True       True     (256, 512)    (512, 1000)

  -> NOT A MONOTONE PROXY: held-out loss falls monotonically in all 4/4 models, while lambda_ca overshoots in 3. A non-monotone function of a monotone variable is not a monotone transform of it. Separately, the zero-crossing and steepest-loss brackets differ in 3 of 4 models.

wrote results/loss_baseline.json
