removed the invalid results file (NLL column unrepairable without regen)
patched: whitespace-collapsed NLL, full text stored, density first-class, threshold-free gap
loading reference corpus (3000 docs) ...
Warning: You are sending unauthenticated requests to the HF Hub. Please set a HF_TOKEN to enable higher rate limits and faster downloads.
  reference n-gram sets: 2-gram 1,281,358, 3-gram 2,509,910, 4-gram 3,014,894
Loading weights:   0%|          | 0/436 [00:00<?, ?it/s]Loading weights: 100%|██████████| 436/436 [00:00<00:00, 8988.57it/s]
  scorer gpt2-large loaded (never generates)
Loading weights:   0%|          | 0/292 [00:00<?, ?it/s]Loading weights:   0%|          | 1/292 [00:00<01:15,  3.83it/s]Loading weights: 100%|██████████| 292/292 [00:00<00:00, 1073.34it/s]

  ar / EleutherAI/pythia-410m
[transformers] `loss_type=None` was set in the config but it is unrecognized. Using the default loss: `ForCausalLMLoss`.
     real text (round-tripped)  NLL=3.169  novel4=0.0
            shuffled real text  NLL=6.745  novel4=1.0
    r=3 T=0.3  NLL=5.803  novel2=0.412  novel4=0.9706  | '\n\nand\n\\end{alignedbr>h i.e the thanes of made to the'
    r=3 T=0.5  NLL=6.094  novel2=0.407  novel4=0.9762  | ' is not the only<b>1<                               '
    r=3 T=0.7  NLL=6.682  novel2=0.4974  novel4=0.9921  | 'Services are provided to                            '
    r=3 T=0.9  NLL=7.529  novel2=0.6746  novel4=0.9973  | 'id3232(ref009){refA7 Volume  1\n < number >->’s appli'
    r=3 T=1.1  NLL=8.092  novel2=0.7388  novel4=1.0  | 'Path }) const; that was when heos,r backbone; *     '
    r=3 T=1.3  NLL=8.722  novel2=0.8393  novel4=1.0  | ' canonical système n        if !String thanorcis tin'
    r=8 T=0.3  NLL=5.087  novel2=0.4072  novel4=0.975  | 'string": "0 parameters are not supported  .\n\nA:\n\nYou'
    r=8 T=0.5  NLL=5.996  novel2=0.4305  novel4=0.9732  | ' and Time of the            "\n                     i'
    r=8 T=0.7  NLL=6.607  novel2=0.5684  novel4=0.9943  | '\n\t_L\n\t.if2)\t\t\tchildren.push    @childrenchildren\n   '
    r=8 T=0.9  NLL=7.498  novel2=0.7078  novel4=0.9951  | "', i.eaging.php?pP*= NHB-\n the Effectnd\nglobal _ ) F"
    r=8 T=1.1  NLL=8.167  novel2=0.8167  novel4=0.9986  | 'pper cultures together. on ebecc Mately Thinking ali'
    r=8 T=1.3  NLL=8.769  novel2=0.8904  novel4=1.0  | ' weird Ontario horror to High level politics fromqu '
Loading weights:   0%|          | 0/202 [00:00<?, ?it/s]Loading weights: 100%|██████████| 202/202 [00:00<00:00, 6937.05it/s]
[transformers] [1mBertForMaskedLM LOAD REPORT[0m from: bert-base-uncased
Key                         | Status     |  | 
----------------------------+------------+--+-
bert.pooler.dense.bias      | UNEXPECTED |  | 
bert.pooler.dense.weight    | UNEXPECTED |  | 
cls.seq_relationship.bias   | UNEXPECTED |  | 
cls.seq_relationship.weight | UNEXPECTED |  | 

Notes:
- UNEXPECTED:	can be ignored when loading from different task/architecture; not ok if you expect identical arch.

  mlm / bert-base-uncased
[transformers] Token indices sequence length is longer than the specified maximum sequence length for this model (4689 > 512). Running this sequence through the model will result in indexing errors
     real text (round-tripped)  NLL=3.347  novel4=0.0016
            shuffled real text  NLL=6.811  novel4=0.9984
    r=3 T=0.3  NLL=4.628  novel2=0.3401  novel4=0.9074  | '##llos publ., r. w. norton vol. 1 : it looks like th'
    r=3 T=0.5  NLL=4.781  novel2=0.3507  novel4=0.9131  | '##is and thomas continued to play in the u. s., town'
    r=3 T=0.7  NLL=4.881  novel2=0.3288  novel4=0.9368  | ': 3. 5 m. encarta de semper in particular, she thoug'
    r=3 T=0.9  NLL=5.456  novel2=0.4568  novel4=0.9619  | '2010 oh my god, that esk is the national coordinator'
    r=3 T=1.1  NLL=6.557  novel2=0.6597  novel4=0.9896  | 'goes to deter all events : taoiseach michael lin act'
    r=3 T=1.3  NLL=7.449  novel2=0.8248  novel4=0.9982  | 'rod ( rae ) 2005, week ; v = disconnected envy ; 200'
    r=8 T=0.3  NLL=4.298  novel2=0.4835  novel4=0.9487  | '##n, wbzn, wbzn, and alcoholics anonymous. these org'
    r=8 T=0.5  NLL=4.292  novel2=0.4237  novel4=0.9565  | '##ments de brabant is the oeuvre of the gentiles. a '
    r=8 T=0.7  NLL=4.631  novel2=0.4407  novel4=0.9554  | 'florence. whittle, j. c. en espanol society. preside'
    r=8 T=0.9  NLL=5.324  novel2=0.473  novel4=0.9744  | '" there are some out there, too. " josef had been we'
    r=8 T=1.1  NLL=6.358  novel2=0.6248  novel4=0.9924  | '( plus pigs ) treated her like a daughter and contin'
    r=8 T=1.3  NLL=7.944  novel2=0.8257  novel4=1.0  | 'routine pee wiz whom he shouted at while in nikolale'

=== ar / EleutherAI/pythia-410m ===
                   NLL   novel-2   novel-4
     REAL TEXT   3.169     0.000     0.000
      SHUFFLED   6.745     0.517     1.000
     r=3 T=0.3   5.803     0.412     0.971
     r=3 T=0.5   6.094     0.407     0.976
     r=3 T=0.7   6.682     0.497     0.992
     r=3 T=0.9   7.529     0.675     0.997
     r=3 T=1.1   8.092     0.739     1.000
     r=3 T=1.3   8.722     0.839     1.000
     r=8 T=0.3   5.087     0.407     0.975
     r=8 T=0.5   5.996     0.430     0.973
     r=8 T=0.7   6.607     0.568     0.994
     r=8 T=0.9   7.498     0.708     0.995
     r=8 T=1.1   8.167     0.817     0.999
     r=8 T=1.3   8.769     0.890     1.000
          cell  NLL pos  novel pos     gap  w/100ch  valid
     r=3 T=0.3    0.737      0.796   0.059    12.89  False
     r=3 T=0.5    0.818      0.787  -0.031    16.28   True
     r=3 T=0.7    0.982      0.961  -0.021    15.74   True
     r=3 T=0.9    1.219      1.304   0.085    14.29   True
     r=3 T=1.1    1.377      1.428   0.051    14.51   True
     r=3 T=1.3    1.553      1.622   0.069    13.07  False
     r=8 T=0.3    0.536      0.787   0.251    12.17  False
     r=8 T=0.5    0.791      0.832   0.041    11.41  False
     r=8 T=0.7    0.961      1.099   0.138    13.34  False
     r=8 T=0.9    1.211      1.368   0.157    14.32   True
     r=8 T=1.1    1.398      1.578    0.18    13.48  False
     r=8 T=1.3    1.566      1.721   0.155    13.59  False

=== mlm / bert-base-uncased ===
                   NLL   novel-2   novel-4
     REAL TEXT   3.347     0.002     0.002
      SHUFFLED   6.811     0.512     0.998
     r=3 T=0.3   4.628     0.340     0.907
     r=3 T=0.5   4.781     0.351     0.913
     r=3 T=0.7   4.881     0.329     0.937
     r=3 T=0.9   5.456     0.457     0.962
     r=3 T=1.1   6.557     0.660     0.990
     r=3 T=1.3   7.449     0.825     0.998
     r=8 T=0.3   4.298     0.483     0.949
     r=8 T=0.5   4.292     0.424     0.957
     r=8 T=0.7   4.631     0.441     0.955
     r=8 T=0.9   5.324     0.473     0.974
     r=8 T=1.1   6.358     0.625     0.992
     r=8 T=1.3   7.944     0.826     1.000
          cell  NLL pos  novel pos     gap  w/100ch  valid
     r=3 T=0.3     0.37      0.663   0.293    18.31   True
     r=3 T=0.5    0.414      0.683   0.269    18.27   True
     r=3 T=0.7    0.443       0.64   0.197    18.41   True
     r=3 T=0.9    0.609      0.891   0.282    17.29   True
     r=3 T=1.1    0.926      1.288   0.362    15.72   True
     r=3 T=1.3    1.184      1.611   0.427    14.59   True
     r=8 T=0.3    0.274      0.943   0.669    16.06   True
     r=8 T=0.5    0.273      0.826   0.553    16.95   True
     r=8 T=0.7     0.37      0.859   0.489    16.30   True
     r=8 T=0.9    0.571      0.923   0.352    16.19   True
     r=8 T=1.1    0.869       1.22   0.351    15.32   True
     r=8 T=1.3    1.327      1.613   0.286    14.61   True

  -> AR: best gap +0.157 at r=8 T=0.9 -- 137% of the way to shuffled on novelty while only 121% of the way on unpredictability. 7 cell(s) excluded for word density below 75% of real text (r=3 T=0.3, r=3 T=1.3, r=8 T=0.3, r=8 T=0.5, r=8 T=0.7, r=8 T=1.1, r=8 T=1.3) -- those are whitespace padding, which is cheap to predict and contributes no words. MLM: best gap +0.669 at r=8 T=0.3 -- 94% of the way to shuffled on novelty while only 27% of the way on unpredictability. No cell needed excluding on density.

wrote results/novelty_structure.json
