loading reference corpus (3000 docs) ...
Warning: You are sending unauthenticated requests to the HF Hub. Please set a HF_TOKEN to enable higher rate limits and faster downloads.
  reference n-gram sets: 2-gram 1,281,358, 3-gram 2,509,910, 4-gram 3,014,894
Loading weights:   0%|          | 0/436 [00:00<?, ?it/s]Loading weights: 100%|██████████| 436/436 [00:00<00:00, 7243.62it/s]
  scorer gpt2-large loaded (never generates)
Loading weights:   0%|          | 0/292 [00:00<?, ?it/s]Loading weights:   0%|          | 1/292 [00:00<02:38,  1.84it/s]Loading weights:  38%|███▊      | 110/292 [00:00<00:00, 226.38it/s]Loading weights:  59%|█████▉    | 172/292 [00:00<00:00, 275.66it/s]Loading weights:  76%|███████▋  | 223/292 [00:00<00:00, 298.07it/s]Loading weights:  92%|█████████▏| 268/292 [00:01<00:00, 311.09it/s]Loading weights: 100%|██████████| 292/292 [00:01<00:00, 246.84it/s]

  ar / EleutherAI/pythia-410m
[transformers] `loss_type=None` was set in the config but it is unrecognized. Using the default loss: `ForCausalLMLoss`.
     real text (round-tripped)  NLL=3.041  novel4=0.0
            shuffled real text  NLL=6.745  novel4=1.0
    r=3 T=0.3  NLL=4.611  novel2=0.412  novel4=0.9706  | '\n\nand\n\\end{alignedbr>h i.e the thanes of made to the'
    r=3 T=0.5  NLL=4.208  novel2=0.407  novel4=0.9762  | ' is not the only<b>1<                               '
    r=3 T=0.7  NLL=5.061  novel2=0.4974  novel4=0.9921  | 'Services are provided to                            '
    r=3 T=0.9  NLL=6.404  novel2=0.6746  novel4=0.9973  | 'id3232(ref009){refA7 Volume  1\n < number >->’s appli'
    r=3 T=1.1  NLL=7.532  novel2=0.7388  novel4=1.0  | 'Path }) const; that was when heos,r backbone; *     '
    r=3 T=1.3  NLL=8.114  novel2=0.8393  novel4=1.0  | ' canonical système n        if !String thanorcis tin'
    r=8 T=0.3  NLL=4.764  novel2=0.4072  novel4=0.975  | 'string": "0 parameters are not supported  .\n\nA:\n\nYou'
    r=8 T=0.5  NLL=3.975  novel2=0.4305  novel4=0.9732  | ' and Time of the            "\n                     i'
    r=8 T=0.7  NLL=6.530  novel2=0.5684  novel4=0.9943  | '\n\t_L\n\t.if2)\t\t\tchildren.push    @childrenchildren\n   '
    r=8 T=0.9  NLL=6.619  novel2=0.7078  novel4=0.9951  | "', i.eaging.php?pP*= NHB-\n the Effectnd\nglobal _ ) F"
    r=8 T=1.1  NLL=7.475  novel2=0.8167  novel4=0.9986  | 'pper cultures together. on ebecc Mately Thinking ali'
