Warning: You are sending unauthenticated requests to the HF Hub. Please set a HF_TOKEN to enable higher rate limits and faster downloads.
Loading weights:   0%|          | 0/76 [00:00<?, ?it/s]Loading weights: 100%|██████████| 76/76 [00:00<00:00, 7564.48it/s]
  EleutherAI/pythia-31m|r2.T0.02|s20260810     top1=0.9883 distinct=7 rep2=0.983 (10s)
  EleutherAI/pythia-31m|r2.T0.02|s20260811     top1=0.9557 distinct=11 rep2=0.945 (11s)
  EleutherAI/pythia-31m|r2.T0.2|s20260810      top1=0.9948 distinct=5 rep2=0.992 (10s)
  EleutherAI/pythia-31m|r2.T0.2|s20260811      top1=1.0000 distinct=1 rep2=1.000 (10s)
  EleutherAI/pythia-31m|r2.T0.7|s20260810      top1=0.1589 distinct=308 rep2=0.070 (10s)
  EleutherAI/pythia-31m|r2.T0.7|s20260811      top1=0.1094 distinct=356 rep2=0.051 (10s)
  EleutherAI/pythia-31m|r3.T0.02|s20260810     top1=0.2839 distinct=123 rep2=0.160 (11s)
  EleutherAI/pythia-31m|r3.T0.02|s20260811     top1=0.2734 distinct=122 rep2=0.161 (10s)
  EleutherAI/pythia-31m|r3.T0.2|s20260810      top1=0.2240 distinct=141 rep2=0.114 (10s)
  EleutherAI/pythia-31m|r3.T0.2|s20260811      top1=0.2891 distinct=134 rep2=0.174 (8s)
  EleutherAI/pythia-31m|r3.T0.7|s20260810      top1=0.0964 distinct=337 rep2=0.055 (9s)
  EleutherAI/pythia-31m|r3.T0.7|s20260811      top1=0.0794 distinct=348 rep2=0.033 (9s)
Loading weights:   0%|          | 0/148 [00:00<?, ?it/s]Loading weights: 100%|██████████| 148/148 [00:00<00:00, 7468.02it/s]
  EleutherAI/pythia-160m|r2.T0.02|s20260810    top1=0.9049 distinct=3 rep2=0.864 (19s)
  EleutherAI/pythia-160m|r2.T0.02|s20260811    top1=0.9622 distinct=3 rep2=0.984 (19s)
  EleutherAI/pythia-160m|r2.T0.2|s20260810     top1=0.9701 distinct=7 rep2=0.987 (19s)
  EleutherAI/pythia-160m|r2.T0.2|s20260811     top1=0.9453 distinct=3 rep2=0.989 (19s)
  EleutherAI/pythia-160m|r2.T0.7|s20260810     top1=0.1953 distinct=311 rep2=0.096 (20s)
  EleutherAI/pythia-160m|r2.T0.7|s20260811     top1=0.2396 distinct=301 rep2=0.136 (21s)
  EleutherAI/pythia-160m|r3.T0.02|s20260810    top1=0.1901 distinct=216 rep2=0.108 (23s)
  EleutherAI/pythia-160m|r3.T0.02|s20260811    top1=0.1784 distinct=190 rep2=0.096 (23s)
  EleutherAI/pythia-160m|r3.T0.2|s20260810     top1=0.1966 distinct=194 rep2=0.076 (22s)
  EleutherAI/pythia-160m|r3.T0.2|s20260811     top1=0.2148 distinct=188 rep2=0.116 (21s)
  EleutherAI/pythia-160m|r3.T0.7|s20260810     top1=0.1120 distinct=357 rep2=0.036 (22s)
  EleutherAI/pythia-160m|r3.T0.7|s20260811     top1=0.1094 distinct=357 rep2=0.033 (22s)
Loading weights:   0%|          | 0/292 [00:00<?, ?it/s]Loading weights: 100%|██████████| 292/292 [00:00<00:00, 6703.72it/s]
  EleutherAI/pythia-410m|r2.T0.02|s20260810    top1=0.8034 distinct=13 rep2=0.943 (39s)
  EleutherAI/pythia-410m|r2.T0.02|s20260811    top1=0.8633 distinct=5 rep2=0.967 (38s)
  EleutherAI/pythia-410m|r2.T0.2|s20260810     top1=0.8529 distinct=7 rep2=0.952 (38s)
  EleutherAI/pythia-410m|r2.T0.2|s20260811     top1=0.9115 distinct=10 rep2=0.964 (40s)
  EleutherAI/pythia-410m|r2.T0.7|s20260810     top1=0.1432 distinct=324 rep2=0.078 (40s)
  EleutherAI/pythia-410m|r2.T0.7|s20260811     top1=0.1562 distinct=352 rep2=0.076 (40s)
  EleutherAI/pythia-410m|r3.T0.02|s20260810    top1=0.2031 distinct=201 rep2=0.145 (48s)
  EleutherAI/pythia-410m|r3.T0.02|s20260811    top1=0.1914 distinct=203 rep2=0.148 (48s)
  EleutherAI/pythia-410m|r3.T0.2|s20260810     top1=0.1758 distinct=205 rep2=0.169 (48s)
  EleutherAI/pythia-410m|r3.T0.2|s20260811     top1=0.1953 distinct=217 rep2=0.190 (48s)
  EleutherAI/pythia-410m|r3.T0.7|s20260810     top1=0.1237 distinct=364 rep2=0.037 (48s)
  EleutherAI/pythia-410m|r3.T0.7|s20260811     top1=0.1224 distinct=364 rep2=0.035 (48s)
Loading weights:   0%|          | 0/148 [00:00<?, ?it/s]Loading weights: 100%|██████████| 148/148 [00:00<00:00, 6870.28it/s]
  gpt2|r2.T0.02|s20260810                      top1=0.1823 distinct=94 rep2=0.090 (13s)
  gpt2|r2.T0.02|s20260811                      top1=0.2018 distinct=92 rep2=0.098 (13s)
  gpt2|r2.T0.2|s20260810                       top1=0.1276 distinct=163 rep2=0.056 (13s)
  gpt2|r2.T0.2|s20260811                       top1=0.1667 distinct=189 rep2=0.084 (13s)
  gpt2|r2.T0.7|s20260810                       top1=0.1081 distinct=327 rep2=0.043 (13s)
  gpt2|r2.T0.7|s20260811                       top1=0.0898 distinct=370 rep2=0.036 (13s)
  gpt2|r3.T0.02|s20260810                      top1=0.1523 distinct=180 rep2=0.074 (16s)
  gpt2|r3.T0.02|s20260811                      top1=0.1719 distinct=187 rep2=0.104 (16s)
  gpt2|r3.T0.2|s20260810                       top1=0.1419 distinct=208 rep2=0.060 (16s)
  gpt2|r3.T0.2|s20260811                       top1=0.1354 distinct=216 rep2=0.085 (16s)
  gpt2|r3.T0.7|s20260810                       top1=0.1133 distinct=362 rep2=0.060 (16s)
  gpt2|r3.T0.7|s20260811                       top1=0.1120 distinct=374 rep2=0.044 (16s)
Loading weights:   0%|          | 0/292 [00:00<?, ?it/s]Loading weights: 100%|██████████| 292/292 [00:00<00:00, 7864.84it/s]
  gpt2-medium|r2.T0.02|s20260810               top1=0.1393 distinct=134 rep2=0.065 (28s)
  gpt2-medium|r2.T0.02|s20260811               top1=0.1315 distinct=140 rep2=0.074 (28s)
  gpt2-medium|r2.T0.2|s20260810                top1=0.1263 distinct=183 rep2=0.045 (28s)
  gpt2-medium|r2.T0.2|s20260811                top1=0.1445 distinct=174 rep2=0.101 (28s)
  gpt2-medium|r2.T0.7|s20260810                top1=0.1055 distinct=367 rep2=0.036 (28s)
  gpt2-medium|r2.T0.7|s20260811                top1=0.0977 distinct=392 rep2=0.037 (28s)
  gpt2-medium|r3.T0.02|s20260810               top1=0.1094 distinct=219 rep2=0.108 (36s)
  gpt2-medium|r3.T0.02|s20260811               top1=0.1471 distinct=196 rep2=0.093 (36s)
  gpt2-medium|r3.T0.2|s20260810                top1=0.1224 distinct=216 rep2=0.064 (36s)
  gpt2-medium|r3.T0.2|s20260811                top1=0.1641 distinct=204 rep2=0.106 (36s)
  gpt2-medium|r3.T0.7|s20260810                top1=0.0807 distinct=389 rep2=0.025 (36s)
  gpt2-medium|r3.T0.7|s20260811                top1=0.1081 distinct=371 rep2=0.047 (36s)
Loading weights:   0%|          | 0/436 [00:00<?, ?it/s]Loading weights: 100%|██████████| 436/436 [00:00<00:00, 7602.04it/s]
  gpt2-large|r2.T0.02|s20260810                top1=0.1549 distinct=138 rep2=0.094 (52s)
  gpt2-large|r2.T0.02|s20260811                top1=0.1641 distinct=123 rep2=0.072 (52s)
  gpt2-large|r2.T0.2|s20260810                 top1=0.1393 distinct=169 rep2=0.060 (52s)
  gpt2-large|r2.T0.2|s20260811                 top1=0.1289 distinct=163 rep2=0.084 (52s)
  gpt2-large|r2.T0.7|s20260810                 top1=0.1068 distinct=359 rep2=0.045 (52s)
  gpt2-large|r2.T0.7|s20260811                 top1=0.1003 distinct=337 rep2=0.064 (52s)
  gpt2-large|r3.T0.02|s20260810                top1=0.1237 distinct=213 rep2=0.080 (66s)
  gpt2-large|r3.T0.02|s20260811                top1=0.1432 distinct=190 rep2=0.088 (66s)
  gpt2-large|r3.T0.2|s20260810                 top1=0.1198 distinct=221 rep2=0.080 (66s)
  gpt2-large|r3.T0.2|s20260811                 top1=0.1367 distinct=224 rep2=0.114 (66s)
  gpt2-large|r3.T0.7|s20260810                 top1=0.0938 distinct=363 rep2=0.036 (66s)
  gpt2-large|r3.T0.7|s20260811                 top1=0.1029 distinct=371 rep2=0.035 (66s)
Loading weights:   0%|          | 0/388 [00:00<?, ?it/s]Loading weights: 100%|██████████| 388/388 [00:00<00:00, 57978.19it/s]
  facebook/opt-350m|r2.T0.02|s20260810         top1=0.1523 distinct=100 rep2=0.068 (41s)
  facebook/opt-350m|r2.T0.02|s20260811         top1=0.1445 distinct=106 rep2=0.068 (41s)
  facebook/opt-350m|r2.T0.2|s20260810          top1=0.1354 distinct=171 rep2=0.066 (41s)
  facebook/opt-350m|r2.T0.2|s20260811          top1=0.1172 distinct=159 rep2=0.057 (40s)
  facebook/opt-350m|r2.T0.7|s20260810          top1=0.0885 distinct=335 rep2=0.031 (40s)
  facebook/opt-350m|r2.T0.7|s20260811          top1=0.0833 distinct=361 rep2=0.021 (40s)
  facebook/opt-350m|r3.T0.02|s20260810         top1=0.1211 distinct=166 rep2=0.060 (48s)
  facebook/opt-350m|r3.T0.02|s20260811         top1=0.1419 distinct=176 rep2=0.081 (48s)
  facebook/opt-350m|r3.T0.2|s20260810          top1=0.1172 distinct=214 rep2=0.055 (44s)
  facebook/opt-350m|r3.T0.2|s20260811          top1=0.1263 distinct=196 rep2=0.061 (43s)
  facebook/opt-350m|r3.T0.7|s20260810          top1=0.0833 distinct=342 rep2=0.019 (44s)
  facebook/opt-350m|r3.T0.7|s20260811          top1=0.0964 distinct=355 rep2=0.031 (43s)
Loading weights:   0%|          | 0/293 [00:00<?, ?it/s]Loading weights: 100%|██████████| 293/293 [00:00<00:00, 7718.88it/s]
  bigscience/bloom-560m|r2.T0.02|s20260810     top1=0.0573 distinct=287 rep2=0.043 (37s)
  bigscience/bloom-560m|r2.T0.02|s20260811     top1=0.0404 distinct=285 rep2=0.021 (37s)
  bigscience/bloom-560m|r2.T0.2|s20260810      top1=0.0651 distinct=300 rep2=0.025 (38s)
  bigscience/bloom-560m|r2.T0.2|s20260811      top1=0.0417 distinct=315 rep2=0.039 (38s)
  bigscience/bloom-560m|r2.T0.7|s20260810      top1=0.0208 distinct=558 rep2=0.005 (37s)
  bigscience/bloom-560m|r2.T0.7|s20260811      top1=0.0234 distinct=561 rep2=0.003 (38s)
  bigscience/bloom-560m|r3.T0.02|s20260810     top1=0.0417 distinct=327 rep2=0.037 (48s)
  bigscience/bloom-560m|r3.T0.02|s20260811     top1=0.0391 distinct=313 rep2=0.061 (48s)
  bigscience/bloom-560m|r3.T0.2|s20260810      top1=0.0247 distinct=378 rep2=0.041 (48s)
  bigscience/bloom-560m|r3.T0.2|s20260811      top1=0.0404 distinct=308 rep2=0.064 (48s)
  bigscience/bloom-560m|r3.T0.7|s20260810      top1=0.0156 distinct=535 rep2=0.011 (52s)
  bigscience/bloom-560m|r3.T0.7|s20260811      top1=0.0208 distinct=549 rep2=0.007 (53s)
[transformers] The fast path is not available because one of `(selective_state_update, selective_scan_fn, causal_conv1d_fn, causal_conv1d_update, mamba_inner_fn)` is None. Falling back to the sequential implementation of Mamba, as use_mambapy is set to False. To install follow https://github.com/state-spaces/mamba/#installation for mamba-ssm and install the kernels library using `pip install kernels` or https://github.com/Dao-AILab/causal-conv1d for causal-conv1d. For the mamba.py backend, follow https://github.com/alxndrTL/mamba.py.
Loading weights:   0%|          | 0/242 [00:00<?, ?it/s]Loading weights: 100%|██████████| 242/242 [00:00<00:00, 6194.03it/s]
  state-spaces/mamba-130m-hf|r2.T0.02|s20260810 top1=0.1497 distinct=122 rep2=0.077 (70s)
  state-spaces/mamba-130m-hf|r2.T0.02|s20260811 top1=0.1510 distinct=109 rep2=0.080 (70s)
  state-spaces/mamba-130m-hf|r2.T0.2|s20260810 top1=0.1536 distinct=157 rep2=0.070 (70s)
  state-spaces/mamba-130m-hf|r2.T0.2|s20260811 top1=0.1628 distinct=145 rep2=0.098 (70s)
  state-spaces/mamba-130m-hf|r2.T0.7|s20260810 top1=0.0951 distinct=353 rep2=0.047 (70s)
  state-spaces/mamba-130m-hf|r2.T0.7|s20260811 top1=0.1042 distinct=398 rep2=0.041 (71s)
  state-spaces/mamba-130m-hf|r3.T0.02|s20260810 top1=0.1784 distinct=194 rep2=0.170 (95s)
  state-spaces/mamba-130m-hf|r3.T0.02|s20260811 top1=0.1536 distinct=203 rep2=0.178 (95s)
  state-spaces/mamba-130m-hf|r3.T0.2|s20260810 top1=0.1758 distinct=202 rep2=0.138 (95s)
  state-spaces/mamba-130m-hf|r3.T0.2|s20260811 top1=0.2122 distinct=178 rep2=0.164 (95s)
  state-spaces/mamba-130m-hf|r3.T0.7|s20260810 top1=0.1107 distinct=386 rep2=0.060 (95s)
  state-spaces/mamba-130m-hf|r3.T0.7|s20260811 top1=0.1107 distinct=397 rep2=0.028 (95s)
Loading weights:   0%|          | 0/222 [00:00<?, ?it/s]Loading weights: 100%|██████████| 222/222 [00:00<00:00, 72405.56it/s]
  RWKV/rwkv-4-169m-pile|r2.T0.02|s20260810     top1=0.1510 distinct=110 rep2=0.065 (24s)
  RWKV/rwkv-4-169m-pile|r2.T0.02|s20260811     top1=0.1784 distinct=122 rep2=0.094 (24s)
  RWKV/rwkv-4-169m-pile|r2.T0.2|s20260810      top1=0.1576 distinct=185 rep2=0.062 (24s)
  RWKV/rwkv-4-169m-pile|r2.T0.2|s20260811      top1=0.1510 distinct=155 rep2=0.076 (24s)
  RWKV/rwkv-4-169m-pile|r2.T0.7|s20260810      top1=0.0742 distinct=363 rep2=0.039 (24s)
  RWKV/rwkv-4-169m-pile|r2.T0.7|s20260811      top1=0.1003 distinct=370 rep2=0.035 (24s)
  RWKV/rwkv-4-169m-pile|r3.T0.02|s20260810     top1=0.1576 distinct=208 rep2=0.138 (28s)
  RWKV/rwkv-4-169m-pile|r3.T0.02|s20260811     top1=0.1771 distinct=203 rep2=0.118 (28s)
  RWKV/rwkv-4-169m-pile|r3.T0.2|s20260810      top1=0.1380 distinct=220 rep2=0.141 (28s)
  RWKV/rwkv-4-169m-pile|r3.T0.2|s20260811      top1=0.1536 distinct=225 rep2=0.124 (28s)
  RWKV/rwkv-4-169m-pile|r3.T0.7|s20260810      top1=0.0977 distinct=376 rep2=0.028 (28s)
  RWKV/rwkv-4-169m-pile|r3.T0.7|s20260811      top1=0.0951 distinct=370 rep2=0.032 (28s)

  -> RUNG (F64 reproduced, not assumed): at r2.T0.02 RWKV's attractor share is 0.1647 against a median of 0.9336 across the PILE-TRAINED attention models (corpus controlled, as F64's claim requires), a gap of +0.7689 (required >= 0.1). F64's architectural effect is recovered, so this measurement is reading the attractor and the comparison below is licensed. PRIMARY (signal): top1 6/6, distinct 6/6, rep2 6/6. top1 spread/noise: r2.T0.02=38.86, r2.T0.2=43.54, r2.T0.7=9.57, r3.T0.02=13.58, r3.T0.2=8.14, r3.T0.7=13.61. SEED-STABLE RANKING: top1=0.8483, distinct=0.7907, rep2=0.7503 (threshold 0.6). SECONDARY (invariance, asked only where signal AND a stable ranking both hold): top1=+0.752, distinct=+0.737, rep2=+0.654. MODEL-ATTRIBUTABLE: ['top1', 'distinct', 'rep2']. The attractor share ranks models the same way across constructions where lambda_ca could not, so the failure in F129 is specific to lambda_ca rather than general to the instrument -- and the results built on the share (F63/F64, F86, F117/F120/F121) rest on the quantity that survives. CONTRAST with lambda_ca (F129): signal 2/4 constructions, seed-stable ranking 0.0303, and blind to RWKV (mid-pack at +0.135 despite having no attractor). Neither readout's number means much alone; the comparison is the point. BOUNDARY: 10 models differing in SIZE as well as family, 6 constructions, N=48, settle=30. A share that survives here is model-attributable across THESE constructions, not in general.

wrote results/share_invariance.json
