Loading weights:   0%|          | 0/292 [00:00<?, ?it/s]Loading weights:   0%|          | 1/292 [00:00<02:23,  2.02it/s]Loading weights:  33%|███▎      | 96/292 [00:00<00:01, 194.83it/s]Loading weights:  46%|████▌     | 135/292 [00:00<00:00, 179.16it/s]Loading weights:  56%|█████▌    | 164/292 [00:01<00:00, 192.26it/s]Loading weights:  65%|██████▌   | 191/292 [00:01<00:00, 176.88it/s]Loading weights:  73%|███████▎  | 214/292 [00:01<00:00, 163.33it/s]Loading weights:  80%|████████  | 234/292 [00:01<00:00, 163.31it/s]Loading weights:  87%|████████▋ | 253/292 [00:01<00:00, 165.81it/s]Loading weights: 100%|██████████| 292/292 [00:01<00:00, 182.10it/s]
  binary|T0.7|s21      top=0.949 ign=0.00 peak=1.2 rose=False (53s)
  binary|T0.7|s22      top=0.930 ign=0.00 peak=1.8 rose=False (54s)
  binary|T1.0|s21      top=0.842 ign=0.00 peak=1.5 rose=False (53s)
  binary|T1.0|s22      top=0.819 ign=0.00 peak=1.8 rose=False (53s)
  binary|T1.3|s21      top=0.751 ign=0.00 peak=1.5 rose=False (53s)
  binary|T1.3|s22      top=0.737 ign=0.00 peak=1.6 rose=False (56s)
  binary|T1.6|s21      top=0.698 ign=0.00 peak=1.2 rose=False (53s)
  binary|T1.6|s22      top=0.681 ign=0.00 peak=1.6 rose=False (54s)
  binary|T2.0|s21      top=0.629 ign=0.00 peak=1.2 rose=False (51s)
  binary|T2.0|s22      top=0.624 ign=0.00 peak=1.6 rose=False (51s)
  binary|T2.5|s21      top=0.585 ign=0.00 peak=1.1 rose=False (51s)
  binary|T2.5|s22      top=0.606 ign=0.00 peak=1.7 rose=False (51s)
  colours|T0.7|s21     top=0.592 ign=0.00 peak=2.6 rose=False (51s)
  colours|T0.7|s22     top=0.578 ign=0.00 peak=2.7 rose=False (51s)
  colours|T1.0|s21     top=0.379 ign=0.00 peak=2.4 rose=False (54s)
  colours|T1.0|s22     top=0.370 ign=0.00 peak=2.6 rose=False (52s)
  colours|T1.3|s21     top=0.312 ign=0.00 peak=2.5 rose=False (53s)
  colours|T1.3|s22     top=0.273 ign=0.00 peak=2.5 rose=False (53s)
  colours|T1.6|s21     top=0.255 ign=0.00 peak=2.6 rose=False (53s)
  colours|T1.6|s22     top=0.243 ign=0.00 peak=2.3 rose=False (52s)
  colours|T2.0|s21     top=0.241 ign=0.00 peak=2.5 rose=False (53s)
  colours|T2.0|s22     top=0.217 ign=0.00 peak=2.4 rose=False (53s)
  colours|T2.5|s21     top=0.216 ign=0.00 peak=2.3 rose=False (53s)
  colours|T2.5|s22     top=0.207 ign=0.00 peak=2.4 rose=False (53s)
  digits|T0.7|s21      top=0.917 ign=0.00 peak=2.4 rose=False (53s)
  digits|T0.7|s22      top=0.889 ign=0.00 peak=2.7 rose=False (53s)
  digits|T1.0|s21      top=0.665 ign=0.00 peak=2.6 rose=False (53s)
  digits|T1.0|s22      top=0.654 ign=0.00 peak=2.8 rose=False (53s)
  digits|T1.3|s21      top=0.422 ign=0.00 peak=2.8 rose=False (52s)
  digits|T1.3|s22      top=0.438 ign=0.00 peak=3.1 rose=False (53s)
  digits|T1.6|s21      top=0.309 ign=0.00 peak=2.7 rose=False (53s)
  digits|T1.6|s22      top=0.331 ign=0.00 peak=2.9 rose=False (53s)
  digits|T2.0|s21      top=0.238 ign=0.00 peak=2.7 rose=False (53s)
  digits|T2.0|s22      top=0.257 ign=0.00 peak=2.8 rose=False (53s)
  digits|T2.5|s21      top=0.181 ign=0.00 peak=2.7 rose=False (53s)
  digits|T2.5|s22      top=0.206 ign=0.00 peak=2.8 rose=False (53s)

  alphabet      T  top share  ignition  peak dmg  rose? live
  binary      0.7      0.939      0.00       1.5  False 
  binary      1.0      0.831      0.00       1.6  False 
  binary      1.3      0.744      0.00       1.6  False 
  binary      1.6      0.689      0.00       1.4  False 
  binary      2.0      0.626      0.00       1.4  False 
  binary      2.5      0.595      0.00       1.4  False 
  colours     0.7      0.585      0.00       2.6  False 
  colours     1.0      0.374      0.00       2.5  False 
  colours     1.3      0.293      0.00       2.5  False 
  colours     1.6      0.249      0.00       2.4  False 
  colours     2.0      0.229      0.00       2.4  False 
  colours     2.5      0.212      0.00       2.3  False 
  digits      0.7      0.903      0.00       2.5  False 
  digits      1.0      0.659      0.00       2.7  False 
  digits      1.3      0.430      0.00       2.9  False 
  digits      1.6      0.320      0.00       2.8  False 
  digits      2.0      0.247      0.00       2.7  False 
  digits      2.5      0.193      0.00       2.8  False 

  -> CONTROL: T=0.7 on the binary alphabet reproduces the frozen, non-igniting behaviour already measured. KILL: NO live regime anywhere on the grid -- 18 cells across 3 alphabets and 6 temperatures, none clearing both ignition >= 0.5 and top-share < 0.9. Raising temperature melts the frozen ring but does not buy a spreading regime, so the failure is not the choice of alphabet and not the temperature: it is the RESTRICTION ITSELF. Renormalising a language model's conditional onto a small support removes whatever makes damage spread on the full vocabulary. #105, #106 and #107 close as designed. BOUNDARY: one model, one checkpoint, one radius, and the trajectory is reported per cell so 'never rose' is distinguished from 'rose and died' by inspection. A negative bounds THIS construction, not token-lattice CAs in general.

wrote results/subalphabet_regime.json
