WIDTH scan at fixed depth (6) and fixed LR (1.0e-3): 144 runs (3 widths x 6 ckpts x 8 seeds, N=48)
Breaks C20's LR/size confound: nothing but width varies here.

F42: 13 of 144 runs never ignited; excluded from lambda means, kept in the rank tests

=== mean lambda_ca by (width, step) --- depth and LR held fixed ===
  d_model        128       256       512      1000      2000      4000
      128     +0.3190   +0.1144   -0.0892   +0.0901   +0.1523   +0.1902
      256          --   -0.0259   +0.2028   +0.1530   +0.1626   +0.1685
      512     +0.0694   +0.0462   +0.1615   +0.1565   +0.1598   +0.1707

=== PRIMARY: crossing bracket per width (depth and LR fixed) ===
    128 wide (14m): step512 -> step1000
    256 wide (31m): no crossing located on this grid
    512 wide (70m): no crossing located on this grid

  -> NOT DECIDABLE: a crossing was located for only 1 of 3 widths on this grid, so the brackets cannot be compared.

=== per-width post-vs-pre, BH-FDR over this family ===
      m14_lambda_post_vs_pre p_raw=0.71822  p_BH=0.71822  n.s.
      m31_lambda_post_vs_pre p_raw=0.01154  p_BH=0.02310  SURVIVES
      m70_lambda_post_vs_pre p_raw=0.01540  p_BH=0.02310  SURVIVES

=== replication check: 70m vs dev_transition_scale.json ===
  48 shared cells, 0 disagree

wrote results/dev_transition_width.json
