Loading weights:   0%|          | 0/292 [00:00<?, ?it/s]Loading weights:   0%|          | 1/292 [00:00<00:46,  6.32it/s]Loading weights:  25%|██▍       | 72/292 [00:00<00:00, 338.03it/s]Loading weights:  40%|███▉      | 116/292 [00:00<00:00, 369.64it/s]Loading weights:  54%|█████▍    | 158/292 [00:00<00:00, 371.03it/s]Loading weights:  70%|██████▉   | 204/292 [00:00<00:00, 397.80it/s]Loading weights:  85%|████████▍ | 248/292 [00:00<00:00, 396.51it/s]Loading weights: 100%|██████████| 292/292 [00:00<00:00, 373.90it/s]
  binary|semantic|r2           branching=0.8781+/-0.0018  uniform=0.8319  s_pos=[0.084, 0.794]
  binary|semantic|r3           branching=1.3529+/-0.0584  uniform=0.9707  s_pos=[0.163, 0.55, 0.641]
  binary|semantic|r4           branching=1.3206+/-0.0428  uniform=1.0402  s_pos=[0.139, 0.249, 0.507, 0.426]
  binary|semantic|r6           branching=1.4213+/-0.0388  uniform=1.3383  s_pos=[0.196, 0.18, 0.179, 0.298, 0.343, 0.225]
  binary|freq_matched|r2       branching=1.1236+/-0.0424  uniform=1.1918  s_pos=[0.557, 0.567]
  binary|freq_matched|r3       branching=1.2635+/-0.0807  uniform=1.3141  s_pos=[0.339, 0.564, 0.36]
  binary|freq_matched|r4       branching=1.1926+/-0.0360  uniform=1.2773  s_pos=[0.266, 0.132, 0.576, 0.219]
  binary|freq_matched|r6       branching=1.6357+/-0.0505  uniform=2.0390  s_pos=[0.232, 0.27, 0.246, 0.18, 0.419, 0.288]
  binary|uniform|r2            branching=1.0000+/-0.0015  uniform=0.9996  s_pos=[0.047, 0.953]
  binary|uniform|r3            branching=1.2828+/-0.0748  uniform=1.4273  s_pos=[0.241, 0.804, 0.238]
  binary|uniform|r4            branching=nan+/-nan  uniform=1.6687  s_pos=[nan, nan, nan, nan]
  binary|uniform|r6            branching=0.1196+/-0.1176  uniform=2.1024  s_pos=[0.005, 0.0, 0.009, 0.011, 0.036, 0.059]
  colours|semantic|r2          branching=0.9004+/-0.0246  uniform=1.0236  s_pos=[0.385, 0.515]
  colours|semantic|r3          branching=1.0395+/-0.0411  uniform=1.3419  s_pos=[0.244, 0.355, 0.441]
  colours|semantic|r4          branching=1.1151+/-0.0456  uniform=1.6087  s_pos=[0.18, 0.261, 0.3, 0.374]
  colours|semantic|r6          branching=1.0171+/-0.0109  uniform=1.9363  s_pos=[0.103, 0.107, 0.144, 0.202, 0.195, 0.266]
  colours|freq_matched|r2      branching=1.0571+/-0.0360  uniform=1.2861  s_pos=[0.18, 0.877]
  colours|freq_matched|r3      branching=1.6630+/-0.0678  uniform=1.7935  s_pos=[0.385, 0.512, 0.766]
  colours|freq_matched|r4      branching=1.6696+/-0.0456  uniform=2.1193  s_pos=[0.329, 0.332, 0.466, 0.542]
  colours|freq_matched|r6      branching=1.7572+/-0.1169  uniform=2.8734  s_pos=[0.21, 0.229, 0.292, 0.246, 0.31, 0.471]
  colours|uniform|r2           branching=1.0174+/-0.0111  uniform=1.0635  s_pos=[0.036, 0.981]
  colours|uniform|r3           branching=1.0108+/-0.0130  uniform=1.4922  s_pos=[0.015, 0.034, 0.961]
  colours|uniform|r4           branching=1.1946+/-0.0744  uniform=1.5895  s_pos=[0.088, 0.086, 0.113, 0.908]
  colours|uniform|r6           branching=1.5579+/-0.1428  uniform=2.3763  s_pos=[0.116, 0.177, 0.13, 0.191, 0.142, 0.802]
  digits|semantic|r2           branching=0.9788+/-0.0527  uniform=1.1407  s_pos=[0.142, 0.837]
  digits|semantic|r3           branching=1.5610+/-0.0540  uniform=1.7435  s_pos=[0.271, 0.591, 0.699]
  digits|semantic|r4           branching=1.7518+/-0.0134  uniform=2.0924  s_pos=[0.285, 0.387, 0.554, 0.525]
  digits|semantic|r6           branching=2.4341+/-0.0349  uniform=3.0859  s_pos=[0.413, 0.323, 0.423, 0.387, 0.413, 0.475]
  digits|freq_matched|r2       branching=1.1133+/-0.1604  uniform=1.3576  s_pos=[0.559, 0.554]
  digits|freq_matched|r3       branching=1.4884+/-0.1513  uniform=1.7269  s_pos=[0.363, 0.652, 0.474]
  digits|freq_matched|r4       branching=1.7536+/-0.0519  uniform=2.0683  s_pos=[0.285, 0.414, 0.502, 0.553]
  digits|freq_matched|r6       branching=2.4351+/-0.1650  uniform=2.8385  s_pos=[0.308, 0.394, 0.418, 0.36, 0.379, 0.577]
  digits|uniform|r2            branching=1.0304+/-0.0197  uniform=1.2576  s_pos=[0.088, 0.943]
  digits|uniform|r3            branching=1.3827+/-0.1158  uniform=1.5690  s_pos=[0.21, 0.479, 0.694]
  digits|uniform|r4            branching=1.7953+/-0.1492  uniform=1.9137  s_pos=[0.265, 0.349, 0.509, 0.672]
  digits|uniform|r6            branching=2.7237+/-0.1758  uniform=2.7474  s_pos=[0.258, 0.441, 0.525, 0.431, 0.372, 0.697]

  -> RUNG: at r=2 the per-position values reproduce selection_mode's stored s_far/s_near to within 0.0988 across 9 arms (tolerance 0.18). Same lattice as F123, so the ladder extends it rather than replacing it. PRIMARY, branching by radius on the settled pool: binary|freq_matched r2=1.124/r3=1.264/r4=1.193/r6=1.636; binary|semantic r2=0.878/r3=1.353/r4=1.321/r6=1.421; binary|uniform r2=1.000/r3=1.283/r4=nan/r6=0.120; colours|freq_matched r2=1.057/r3=1.663/r4=1.670/r6=1.757; colours|semantic r2=0.900/r3=1.040/r4=1.115/r6=1.017; colours|uniform r2=1.017/r3=1.011/r4=1.195/r6=1.558; digits|freq_matched r2=1.113/r3=1.488/r4=1.754/r6=2.435; digits|semantic r2=0.979/r3=1.561/r4=1.752/r6=2.434; digits|uniform r2=1.030/r3=1.383/r4=1.795/r6=2.724. 9 of 9 arms reach the criticality threshold of 1 within r <= 6: crossing radii binary|freq_matched=2, binary|semantic=3, binary|uniform=3, colours|freq_matched=3, colours|semantic=4, colours|uniform=4, digits|freq_matched=3, digits|semantic=3, digits|uniform=3. Widening the window DOES buy back what a smaller alphabet costs, and the mean-field trade s = 1/r is usable as a design rule. SECONDARY, decay of s_pos with distance (ratio between consecutive positions at the largest radius): binary|freq_matched=0.9375, binary|semantic=0.89, binary|uniform=4.4523, colours|freq_matched=0.9203, colours|semantic=0.8634, colours|uniform=1.0116, digits|freq_matched=0.9588, digits|semantic=1.0182, digits|uniform=0.9502. A ratio near 1 means the sum grows with r; well above 1 means it converges and no window size crosses. BOUNDARY: EleutherAI/pythia-410m step4000, T = 0.7, N = 48, 64 windows per position. This measures the CONSTRUCTION, not a model property. At large r the lattice drifts toward ordinary conditional generation and stops deserving the name CA; where that line sits is not something this run can decide.

wrote results/window_ladder.json
